Warning: </ext_link_noexist1> is a dangling link.
