external link: </ext_link4> and </ext_link4>
0 differences found
