external link: </ext_link1> and </ext_link1>
1 differences found
