dataset: </g1/fp20> and </g1/fp20_COPY>
0 differences found
