Error: -q (quiet mode) cannot be added to verbose or report modes
