dataset: </dynlibud> and </dynlibud>
0 differences found
